// Jest Snapshot v1, https://goo.gl/fbAQLP

exports[`bag page it renders correctly 1`] = `

<div class="page">
  <header class="header">
    <h1>
      My Bag
    </h1>
    <div id="render-total-price">
      <div class="price">
        Total: € 2,244.05
      </div>
    </div>
  </header>
  <main class="product-list alignCenter">
    <div class="product-card">
      <div class="remove-btn"
           onclick="Bag.removeProduct(this.parentElement, 'item1')"
      >
        <img src="test-file-stub">
      </div>
      <div class="image-container">
        <img class="image"
             src="https://via.placeholder.com/130x175"
        >
      </div>
      <div class="info-container alignCenter">
        <div class="brandName">
          BRAND 1
        </div>
        <div class="price">
          € 100.4
        </div>
      </div>
    </div>
    <div class="product-card">
      <div class="remove-btn"
           onclick="Bag.removeProduct(this.parentElement, 'item2')"
      >
        <img src="test-file-stub">
      </div>
      <div class="image-container">
        <img class="image"
             src="https://via.placeholder.com/130x175"
        >
      </div>
      <div class="info-container alignCenter">
        <div class="brandName">
          BRAND 2
        </div>
        <div class="price">
          € 100.2
        </div>
      </div>
    </div>
    <div class="product-card">
      <div class="remove-btn"
           onclick="Bag.removeProduct(this.parentElement, 'item3')"
      >
        <img src="test-file-stub">
      </div>
      <div class="image-container">
        <img class="image"
             src="https://via.placeholder.com/130x175"
        >
      </div>
      <div class="info-container alignCenter">
        <div class="brandName">
          BRAND 3
        </div>
        <div class="price">
          € 150.33
        </div>
      </div>
    </div>
    <div class="product-card">
      <div class="remove-btn"
           onclick="Bag.removeProduct(this.parentElement, 'item4')"
      >
        <img src="test-file-stub">
      </div>
      <div class="image-container">
        <img class="image"
             src="https://via.placeholder.com/130x175"
        >
      </div>
      <div class="info-container alignCenter">
        <div class="brandName">
          BRAND 4
        </div>
        <div class="price">
          € 150.33
        </div>
      </div>
    </div>
    <div class="product-card">
      <div class="remove-btn"
           onclick="Bag.removeProduct(this.parentElement, 'item5')"
      >
        <img src="test-file-stub">
      </div>
      <div class="image-container">
        <img class="image"
             src="https://via.placeholder.com/130x175"
        >
      </div>
      <div class="info-container alignCenter">
        <div class="brandName">
          BRAND 5
        </div>
        <div class="price">
          € 50.21
        </div>
      </div>
    </div>
    <div class="product-card">
      <div class="remove-btn"
           onclick="Bag.removeProduct(this.parentElement, 'item6')"
      >
        <img src="test-file-stub">
      </div>
      <div class="image-container">
        <img class="image"
             src="https://via.placeholder.com/130x175"
        >
      </div>
      <div class="info-container alignCenter">
        <div class="brandName">
          BRAND 6
        </div>
        <div class="price">
          € 230.39
        </div>
      </div>
    </div>
    <div class="product-card">
      <div class="remove-btn"
           onclick="Bag.removeProduct(this.parentElement, 'item7')"
      >
        <img src="test-file-stub">
      </div>
      <div class="image-container">
        <img class="image"
             src="https://via.placeholder.com/130x175"
        >
      </div>
      <div class="info-container alignCenter">
        <div class="brandName">
          BRAND 7
        </div>
        <div class="price">
          € 1,030.99
        </div>
      </div>
    </div>
    <div class="product-card">
      <div class="remove-btn"
           onclick="Bag.removeProduct(this.parentElement, 'item8')"
      >
        <img src="test-file-stub">
      </div>
      <div class="image-container">
        <img class="image"
             src="https://via.placeholder.com/130x175"
        >
      </div>
      <div class="info-container alignCenter">
        <div class="brandName">
          BRAND 8
        </div>
        <div class="price">
          € 300.3
        </div>
      </div>
    </div>
    <div class="product-card">
      <div class="remove-btn"
           onclick="Bag.removeProduct(this.parentElement, 'item9')"
      >
        <img src="test-file-stub">
      </div>
      <div class="image-container">
        <img class="image"
             src="https://via.placeholder.com/130x175"
        >
      </div>
      <div class="info-container alignCenter">
        <div class="brandName">
          BRAND 9
        </div>
        <div class="price">
          € 130.9
        </div>
      </div>
    </div>
  </main>
  <footer class="footer alignCenter">
    @ Copyright E-commerce Store
  </footer>
</div>

`;

exports[`bag page it renders differently when there is an error 1`] = `

<div class="error">
  Error loading bag items...
</div>

`;
